2026-09-11T11:00:00|INFO |catalog    |req=236ccd2b|Requete traitee en 4115ms
2026-09-11T11:00:55|INFO |api-gateway|req=4a3330bc|Demarrage du service
2026-09-11T11:01:24|INFO |notifier   |req=954dfa30|Healthcheck OK
2026-09-11T11:01:48|INFO |billing    |req=de96e10c|Demarrage du service
2026-09-11T11:02:32|WARN |notifier   |req=2324036e|Retry 4701/3 sur appel sortant
2026-09-11T11:02:58|DEBUG|worker-01  |req=52621fbe|Pool de connexions: 1010 actives
2026-09-11T11:03:18|INFO |worker-01  |req=573db11a|Job b5d43ad8 termine
2026-09-11T11:04:01|WARN |api-gateway|req=6a540e50|Certificat expire dans 3135 jours
2026-09-11T11:04:37|INFO |catalog    |req=4b252f94|Utilisateur authentifie
2026-09-11T11:05:02|INFO |worker-01  |req=739afb9f|Demarrage du service
2026-09-11T11:05:53|ERROR|api-gateway|req=443c45db|Timeout apres 3412ms
2026-09-11T11:06:31|WARN |worker-01  |req=84f7102e|Certificat expire dans 2093 jours
2026-09-11T11:07:24|INFO |notifier   |req=406afc0d|Utilisateur authentifie
2026-09-11T11:07:33|INFO |worker-01  |req=f3224edb|Demarrage du service
2026-09-11T11:08:20|DEBUG|auth-svc   |req=22a82a70|Cache hit pour la cle 905c7308
2026-09-11T11:08:46|INFO |api-gateway|req=c2ded5de|Job 39e45668 termine
2026-09-11T11:08:54|INFO |catalog    |req=9dd70dc7|Utilisateur authentifie
2026-09-11T11:09:04|INFO |notifier   |req=d0d1611d|Healthcheck OK
2026-09-11T11:09:52|INFO |worker-01  |req=fe2201bd|Requete traitee en 4754ms
2026-09-11T11:10:38|ERROR|worker-01  |req=7e086798|Timeout apres 453ms
2026-09-11T11:10:53|INFO |auth-svc   |req=4bce6cca|Job 0918b6ac termine
2026-09-11T11:11:47|WARN |api-gateway|req=5c2db15a|Retry 2898/3 sur appel sortant
2026-09-11T11:11:54|WARN |auth-svc   |req=ac50230f|Retry 4136/3 sur appel sortant
2026-09-11T11:12:35|WARN |notifier   |req=6ae060fc|Quota a 85% pour le tenant 6ac18430
2026-09-11T11:13:11|DEBUG|notifier   |req=b7fa4dae|Payload recu (2702 octets)
2026-09-11T11:13:18|INFO |api-gateway|req=83cbb1b5|Utilisateur authentifie
2026-09-11T11:13:36|WARN |notifier   |req=69117fe6|Quota a 85% pour le tenant 5d494f66
2026-09-11T11:13:48|INFO |auth-svc   |req=3a854a54|Healthcheck OK
2026-09-11T11:13:57|WARN |catalog    |req=7dde8809|Certificat expire dans 120 jours
2026-09-11T11:14:37|INFO |catalog    |req=7feb2916|Job 679b4ba3 termine
2026-09-11T11:15:28|WARN |billing    |req=131dedc2|Certificat expire dans 3776 jours
2026-09-11T11:15:35|WARN |auth-svc   |req=a598f9e8|Quota a 85% pour le tenant ac357cdf
2026-09-11T11:16:21|INFO |catalog    |req=7b00feda|Demarrage du service
2026-09-11T11:16:50|INFO |notifier   |req=1f6d6e0d|Healthcheck OK
2026-09-11T11:17:38|INFO |catalog    |req=bab007e8|Demarrage du service
2026-09-11T11:17:43|ERROR|api-gateway|req=207d6790|Echec d'ecriture sur le bus de messages
2026-09-11T11:17:58|INFO |notifier   |req=bd06edc8|Utilisateur authentifie
2026-09-11T11:18:22|INFO |api-gateway|req=3b4a31cf|Job 54363751 termine
2026-09-11T11:18:34|DEBUG|notifier   |req=c0114f4e|Pool de connexions: 2678 actives
2026-09-11T11:18:55|DEBUG|notifier   |req=e870c147|Pool de connexions: 1855 actives

2026-09-11T11:19:49|WARN |billing    |req=105ac331|Certificat expire dans 3546 jours
2026-09-11T11:20:14|INFO |billing    |req=d9575d03|Utilisateur authentifie
2026-09-11T11:20:59|INFO |billing    |req=1085dfaa|Requete traitee en 282ms
2026-09-11T11:21:29|INFO |auth-svc   |req=c954d84a|Utilisateur authentifie
2026-09-11T11:22:10|INFO |billing    |req=78222c42|Job 741400eb termine
2026-09-11T11:23:02|DEBUG|auth-svc   |req=e2cb6182|Payload recu (790 octets)
2026-09-11T11:23:30|WARN |notifier   |req=d80a1075|Certificat expire dans 3200 jours
2026-09-11T11:24:18|INFO |notifier   |req=143e20d5|Requete traitee en 4262ms
2026-09-11T11:24:48|INFO |api-gateway|req=54a53cdd|Utilisateur authentifie
2026-09-11T11:25:11|INFO |worker-01  |req=dddd497e|Healthcheck OK
2026-09-11T11:25:20|INFO |auth-svc   |req=b19cd1df|Requete traitee en 502ms
2026-09-11T11:25:54|DEBUG|api-gateway|req=8e67f137|Pool de connexions: 3581 actives
2026-09-11T11:26:00|INFO |auth-svc   |req=98c17a65|Job 3036fad0 termine
2026-09-11T11:26:24|ERROR|worker-01  |req=02611dfb|Echec d'ecriture sur le bus de messages
2026-09-11T11:26:29|INFO |worker-01  |req=08284cb6|Requete traitee en 2449ms
2026-09-11T11:26:49|DEBUG|worker-01  |req=03b99740|Cache hit pour la cle 1b36d5ac
2026-09-11T11:26:55|INFO |catalog    |req=d61cc522|Requete traitee en 3333ms
2026-09-11T11:27:49|DEBUG|api-gateway|req=b024ae5a|Pool de connexions: 409 actives
2026-09-11T11:28:18|INFO |api-gateway|req=71d8c9cc|Healthcheck OK
2026-09-11T11:28:26|INFO |auth-svc   |req=f76b0e0e|Healthcheck OK
2026-09-11T11:29:08|INFO |billing    |req=e3ea8d26|Job 68856445 termine
2026-09-11T11:29:31|INFO |catalog    |req=4a7bee9e|Demarrage du service
2026-09-11T11:30:25|INFO |billing    |req=90b1da47|Healthcheck OK
2026-09-11T11:31:01|INFO |api-gateway|req=1cf5b3dc|Healthcheck OK
2026-09-11T11:31:45|INFO |auth-svc   |req=81316802|Requete traitee en 917ms
2026-09-11T11:31:50|WARN |billing    |req=1a776cb5|Latence elevee: 903ms
2026-09-11T11:32:16|WARN |catalog    |req=2d1dddf1|Latence elevee: 1104ms
2026-09-11T11:33:00|INFO |auth-svc   |req=871341b4|Healthcheck OK
2026-09-11T11:33:49|INFO |worker-01  |req=14179f13|Demarrage du service
2026-09-11T11:34:00|INFO |catalog    |req=0700f6dd|Healthcheck OK
2026-09-11T11:34:34|WARN |api-gateway|req=5952a279|Certificat expire dans 1544 jours
2026-09-11T11:34:43|INFO |catalog    |req=1e0f1b2f|Requete traitee en 3219ms
2026-09-11T11:35:35|INFO |worker-01  |req=912741e0|Demarrage du service
2026-09-11T12:14:07|ERROR|billing
2026-09-11T11:35:46|WARN |catalog    |req=db1df532|Latence elevee: 1479ms
2026-09-11T11:36:06|DEBUG|worker-01  |req=e3798829|Payload recu (879 octets)
2026-09-11T11:36:20|INFO |notifier   |req=e457ee8f|Requete traitee en 3379ms
2026-09-11T11:37:00|INFO |catalog    |req=50789b75|Requete traitee en 4373ms
2026-09-11T11:37:32|INFO |notifier   |req=a1045ad9|Job c46ab1c3 termine
2026-09-11T11:38:03|INFO |worker-01  |req=59f42a64|Job 19cb6385 termine
2026-09-11T11:38:08|DEBUG|api-gateway|req=988e321b|Cache hit pour la cle 9be9627c
2026-09-11T11:39:03|WARN |api-gateway|req=db94b328|Quota a 85% pour le tenant a959fd80
2026-09-11T11:39:57|DEBUG|notifier   |req=545c6a73|Pool de connexions: 2684 actives
2026-09-11T11:40:16|INFO |catalog    |req=c1d19537|Requete traitee en 4578ms
2026-09-11T11:40:48|ERROR|auth-svc   |req=22d23322|Connexion refusee par la base
2026-09-11T11:41:02|INFO |auth-svc   |req=cec5b150|Requete traitee en 1881ms
2026-09-11T11:41:48|INFO |billing    |req=4b14d5ec|Healthcheck OK
2026-09-11T11:42:12|INFO |notifier   |req=c3d51484|Requete traitee en 4161ms
2026-09-11T11:42:52|INFO |api-gateway|req=7c531633|Healthcheck OK
2026-09-11T11:43:05|INFO |auth-svc   |req=7a3b133c|Demarrage du service
2026-09-11T11:43:23|DEBUG|auth-svc   |req=a4839994|Cache hit pour la cle 88306ffc
2026-09-11T11:44:03|DEBUG|catalog    |req=4a4a55f6|Cache hit pour la cle 469665a1
2026-09-11T11:44:49|DEBUG|notifier   |req=715ba457|Payload recu (720 octets)
2026-09-11T11:45:00|WARN |api-gateway|req=f428af68|Quota a 85% pour le tenant 74d16f81
2026-09-11T11:45:18|INFO |worker-01  |req=43564046|Demarrage du service
2026-09-11T11:46:08|INFO |catalog    |req=b06ec310|Job 3529fd3c termine
2026-09-11T11:46:42|INFO |notifier   |req=f4428337|Job 0b241e59 termine
2026-09-11T11:47:02|INFO |billing    |req=0bcd5cc0|Requete traitee en 3780ms
2026-09-11T11:47:14|WARN |catalog    |req=9e1811bd|Retry 184/3 sur appel sortant
2026-09-11T11:47:32|DEBUG|worker-01  |req=aaa339ab|Cache hit pour la cle 7b36d981
2026-09-11T11:48:02|WARN |catalog    |req=645c3eea|Quota a 85% pour le tenant b774f9f1
2026-09-11T11:48:31|INFO |auth-svc   |req=a7fc0858|Utilisateur authentifie
2026-09-11T11:48:42|INFO |worker-01  |req=74b1b927|Requete traitee en 2994ms
2026-09-11T11:48:48|INFO |notifier   |req=ec6efe3f|Healthcheck OK
2026-09-11T11:49:41|WARN |api-gateway|req=a1924350|Retry 4004/3 sur appel sortant
2026-09-11T11:49:48|ERROR|worker-01  |req=b187daa9|Reponse 500 du service amont
2026-09-11T12:41:55|ERROR|catalog    |req=9c1f0ba2|Requete invalide: SELECT a|b FROM t
2026-09-11T11:50:07|DEBUG|auth-svc   |req=3daaa9b2|Pool de connexions: 2011 actives
2026-09-11T11:51:00|INFO |notifier   |req=dec38ada|Healthcheck OK
2026-09-11T11:51:54|DEBUG|catalog    |req=7771d660|Pool de connexions: 3109 actives
2026-09-11T11:52:19|INFO |catalog    |req=19cfac9d|Utilisateur authentifie
2026-09-11T11:53:02|WARN |notifier   |req=ee303eb4|Retry 628/3 sur appel sortant
2026-09-11T11:53:29|INFO |billing    |req=30c1fecd|Healthcheck OK
2026-09-11T11:54:12|WARN |billing    |req=f5822529|Retry 1123/3 sur appel sortant
2026-09-11T11:54:31|DEBUG|billing    |req=4716946f|Cache hit pour la cle bd6aa7c3
2026-09-11T11:55:20|INFO |catalog    |req=d2321921|Utilisateur authentifie
2026-09-11T11:56:13|INFO |billing    |req=a22c18b9|Healthcheck OK
2026-09-11T11:57:08|INFO |auth-svc   |req=6930db4d|Demarrage du service
2026-09-11T11:57:29|DEBUG|notifier   |req=597e3d3c|Cache hit pour la cle 1d01b30d
2026-09-11T11:57:40|WARN |worker-01  |req=50bb0ac6|Quota a 85% pour le tenant 9fc849ec
2026-09-11T11:58:11|INFO |notifier   |req=aa119281|Requete traitee en 213ms
2026-09-11T11:58:23|WARN |worker-01  |req=e89882de|Retry 1669/3 sur appel sortant
2026-09-11T11:58:48|WARN |billing    |req=b9ce8c9c|Quota a 85% pour le tenant 2fc656ed
2026-09-11T11:59:03|INFO |notifier   |req=5581eb58|Job c72060d3 termine
2026-09-11T11:59:09|INFO |auth-svc   |req=1bec47d0|Demarrage du service
2026-09-11T11:59:36|INFO |worker-01  |req=4d95ddf3|Utilisateur authentifie
2026-09-11T11:59:41|INFO |billing    |req=92f6608c|Demarrage du service
2026-09-11T11:59:58|WARN |billing    |req=43c71008|Retry 2997/3 sur appel sortant
2026-09-11T12:00:33|ERROR|billing    |req=4a27c3e6|Impossible de serialiser la reponse
2026-09-11T12:00:52|DEBUG|notifier   |req=aa51d7f9|Payload recu (2764 octets)
2026-09-11T12:01:47|INFO |notifier   |req=4d79abde|Demarrage du service
2026-09-11T12:02:12|INFO |auth-svc   |req=dbf9499b|Utilisateur authentifie
2026-09-11T12:02:58|INFO |billing    |req=f91e1303|Requete traitee en 3031ms
2026-09-11T13:07:19|ERROR|auth-svc   |req=44ea7d10|Exception non rattrapee
2026-09-11T12:03:12|INFO |api-gateway|req=516b90ca|Demarrage du service
    at auth.verify(token.py:88)
2026-09-11T12:03:45|INFO |api-gateway|req=9bf36599|Job 03322b78 termine
    at auth.middleware(app.py:214)
2026-09-11T12:04:08|INFO |api-gateway|req=08567086|Utilisateur authentifie
    caused by: SignatureExpired
2026-09-11T12:05:02|INFO |auth-svc   |req=7f1b6104|Utilisateur authentifie
2026-09-11T12:05:45|INFO |notifier   |req=89d7e7ad|Requete traitee en 3131ms
2026-09-11T12:06:18|WARN |worker-01  |req=473bd424|Retry 4018/3 sur appel sortant
2026-09-11T12:06:56|WARN |notifier   |req=4ba6a098|Certificat expire dans 1441 jours
2026-09-11T12:07:22|WARN |catalog    |req=8a056e7d|Quota a 85% pour le tenant e484a0d1
2026-09-11T12:07:29|DEBUG|auth-svc   |req=06a13575|Cache hit pour la cle 6eec61c0
2026-09-11T12:07:53|INFO |worker-01  |req=59b84817|Demarrage du service
2026-09-11T12:08:11|WARN |notifier   |req=17b84966|Certificat expire dans 1533 jours
2026-09-11T12:08:45|WARN |api-gateway|req=cab283ca|Certificat expire dans 223 jours
2026-09-11T12:09:00|ERROR|api-gateway|req=bacbbdca|Echec d'ecriture sur le bus de messages
2026-09-11T12:09:34|INFO |billing    |req=13567192|Demarrage du service
2026-09-11T12:09:40|ERROR|api-gateway|req=6aefff5f|Reponse 500 du service amont
2026-09-11T12:10:31|DEBUG|catalog    |req=77e6f7e0|Payload recu (824 octets)
2026-09-11T12:10:40|INFO |catalog    |req=24e9f30f|Job 096677d2 termine
2026-09-11T12:11:31|INFO |notifier   |req=46a31c0b|Utilisateur authentifie
2026-09-11T12:12:24|INFO |catalog    |req=211b8736|Utilisateur authentifie
2026-09-11T12:13:12|INFO |api-gateway|req=cd9801a4|Job 35dea2aa termine
2026-09-11T12:13:40|DEBUG|catalog    |req=dda0a85c|Cache hit pour la cle 6b4962ea
2026-09-11T12:14:14|INFO |billing    |req=175e2190|Utilisateur authentifie
2026-09-11T12:14:27|INFO |worker-01  |req=7a965543|Healthcheck OK
2026-09-11T12:15:08|WARN |auth-svc   |req=b68774c7|Quota a 85% pour le tenant 2b0e5188
2026-09-11T12:15:53|INFO |worker-01  |req=22894dc0|Requete traitee en 2566ms
2026-09-11T12:16:32|INFO |notifier   |req=e3f99313|Demarrage du service
2026-09-11T12:17:25|WARN |billing    |req=9a02ed9c|Retry 3558/3 sur appel sortant
2026-09-11T12:18:18|WARN |catalog    |req=46e83f4f|Retry 2648/3 sur appel sortant
2026-09-11T12:18:39|DEBUG|api-gateway|req=7dc789ee|Cache hit pour la cle 20ea05a2
1757595600|ERROR|worker-01  |req=0b2ee931|Tache abandonnee
2026-09-11T12:19:17|INFO |api-gateway|req=971110e1|Demarrage du service
2026-09-11T12:19:38|ERROR|billing    |req=db6b615b|Reponse 500 du service amont
2026-09-11T12:20:22|ERROR|api-gateway|req=49dac0c9|Reponse 500 du service amont
2026-09-11T12:20:40|DEBUG|catalog    |req=3e7dfa13|Payload recu (909 octets)
2026-09-11T12:21:02|INFO |api-gateway|req=4aa54ced|Healthcheck OK
2026-09-11T12:21:52|INFO |catalog    |req=8cd616e1|Job cd0b9ed5 termine
2026-09-11T12:22:29|INFO |worker-01  |req=d06b5a3d|Utilisateur authentifie
2026-09-11T12:23:14|ERROR|auth-svc   |req=c938a24e|Connexion refusee par la base
2026-09-11T12:23:51|WARN |auth-svc   |req=ec6d112a|Latence elevee: 2471ms
2026-09-11T12:24:01|INFO |billing    |req=4246790c|Healthcheck OK
2026-09-11T12:24:15|INFO |auth-svc   |req=c0d7f124|Demarrage du service
2026-09-11T12:25:02|INFO |api-gateway|req=a09edf72|Requete traitee en 51ms
2026-09-11T12:25:30|INFO |notifier   |req=3bd16d22|Utilisateur authentifie
2026-09-11T12:25:48|INFO |notifier   |req=01453bc3|Healthcheck OK
2026-09-11T12:26:11|WARN |worker-01  |req=35e6e57d|Latence elevee: 1643ms
2026-09-11T12:26:54|WARN |billing    |req=1e3159ee|Quota a 85% pour le tenant 386d1a70
2026-09-11T12:27:37|INFO |notifier   |req=de18cd8e|Job 82ddbd06 termine
2026-09-11T12:28:27|WARN |catalog    |req=d4dd0b04|Latence elevee: 3003ms
2026-09-11T12:28:43|INFO |notifier   |req=18398bc6|Healthcheck OK
2026-09-11T12:29:16|WARN |catalog    |req=38ca7a6f|Certificat expire dans 2476 jours
2026-09-11T12:30:00|INFO |auth-svc   |req=10786b3c|Healthcheck OK
2026-09-11T12:30:49|WARN |billing    |req=5ee7f78f|Latence elevee: 1206ms
2026-09-11T12:31:04|DEBUG|api-gateway|req=81e9af0f|Pool de connexions: 2325 actives
2026-09-11T12:31:09|INFO |notifier   |req=23c6d6b5|Demarrage du service
2026-09-11T12:31:58|INFO |notifier   |req=7bfbe62f|Healthcheck OK
2026-09-11T12:32:19|DEBUG|auth-svc   |req=4cc44e0d|Cache hit pour la cle 5cf91c14
2026-09-11T12:33:10|INFO |billing    |req=5d2a9ad2|Job a57e8245 termine
2026-09-11T12:33:19|INFO |worker-01  |req=c77ae30b|Job 61522084 termine
2026-09-11T14:22:40|CRIT |notifier   |req=7ac33e05|File d'attente saturee
2026-09-11T12:33:59|INFO |api-gateway|req=eadc4c0a|Job 566f817e termine
2026-09-11T12:34:42|INFO |notifier   |req=98f35012|Requete traitee en 2695ms
2026-09-11T12:34:53|ERROR|catalog    |req=5224ef5e|Echec d'ecriture sur le bus de messages
2026-09-11T12:35:08|INFO |api-gateway|req=820af392|Utilisateur authentifie
2026-09-11T12:35:25|INFO |notifier   |req=f8fd8882|Demarrage du service
2026-09-11T12:35:51|WARN |notifier   |req=a89497ce|Retry 3502/3 sur appel sortant
2026-09-11T12:36:43|INFO |api-gateway|req=a5b3cdbe|Job 945d9f77 termine
2026-09-11T12:37:17|INFO |auth-svc   |req=c4291899|Requete traitee en 2446ms
2026-09-11T12:37:48|DEBUG|catalog    |req=99d91881|Pool de connexions: 3140 actives
2026-09-11T12:37:58|DEBUG|billing    |req=1f98bcf2|Cache hit pour la cle 6da4f696
2026-09-11T12:38:33|DEBUG|auth-svc   |req=87225302|Pool de connexions: 1766 actives
2026-09-11T12:38:46|INFO |auth-svc   |req=0ab89499|Demarrage du service
2026-09-11T12:39:07|INFO |billing    |req=af1bbaee|Healthcheck OK
2026-09-11T12:39:49|INFO |catalog    |req=2a90b855|Job 144000aa termine
2026-09-11T12:40:03|INFO |notifier   |req=359bdab3|Job 5c090803 termine
2026-09-11T14:31:12|error|billing    |req=1de90f47|Paiement rejete par le PSP
2026-09-11T12:40:50|DEBUG|auth-svc   |req=db3cd07f|Pool de connexions: 1544 actives
2026-09-11T12:41:34|INFO |notifier   |req=2c09e7a9|Job 9d5ef202 termine
2026-09-11T12:42:05|INFO |api-gateway|req=f7145bc9|Requete traitee en 1995ms
2026-09-11T12:42:47|WARN |catalog    |req=0d3c5e0d|Certificat expire dans 2782 jours
2026-09-11T12:43:00|INFO |api-gateway|req=16b00cf1|Healthcheck OK
2026-09-11T12:43:12|INFO |billing    |req=209d568d|Requete traitee en 3448ms
2026-09-11T12:43:51|INFO |auth-svc   |req=1b49e13e|Demarrage du service
2026-09-11T12:43:59|INFO |api-gateway|req=3e6ee3ae|Job ebd63c56 termine
2026-09-11T12:44:47|INFO |api-gateway|req=f5eccf95|Requete traitee en 690ms
2026-09-11T12:45:22|DEBUG|auth-svc   |req=3bc3409a|Payload recu (4086 octets)
2026-09-11T12:45:50|INFO |catalog    |req=4408b6bd|Utilisateur authentifie
2026-09-11T12:46:40|INFO |catalog    |req=c47bafc3|Requete traitee en 3115ms
2026-09-11T12:47:21|WARN |auth-svc   |req=db86cfa1|Quota a 85% pour le tenant 7103b6d8
2026-09-11T12:47:49|INFO |billing    |req=85f8db04|Utilisateur authentifie
2026-09-11T12:48:34|INFO |api-gateway|req=80b0e793|Job f9f17c8b termine
2026-09-11T12:49:16|WARN |api-gateway|req=03802397|Quota a 85% pour le tenant 1a825865
2026-09-11T14:44:03|  ERROR |catalog   |req=5f8b21ce|Index corrompu sur la collection produits
2026-09-11T12:49:59|INFO |catalog    |req=2ed480ee|Job a78c0dea termine
2026-09-11T12:50:11|INFO |billing    |req=d40dfd21|Utilisateur authentifie
2026-09-11T12:50:50|WARN |worker-01  |req=405491bb|Latence elevee: 3454ms
2026-09-11T12:51:27|FATAL|auth-svc   |req=1f71e996|Perte du quorum, arret du noeud
2026-09-11T12:52:22|INFO |worker-01  |req=1109b412|Demarrage du service
2026-09-11T12:52:54|INFO |notifier   |req=96609edd|Healthcheck OK
2026-09-11T12:53:03|INFO |notifier   |req=46af94d4|Utilisateur authentifie
2026-09-11T12:53:46|WARN |notifier   |req=fa0c5b3b|Retry 4267/3 sur appel sortant
2026-09-11T12:53:59|WARN |auth-svc   |req=323b4611|Certificat expire dans 932 jours
2026-09-11T12:54:12|INFO |auth-svc   |req=86edf99b|Requete traitee en 3803ms
2026-09-11T12:54:56|INFO |auth-svc   |req=d5b7f14f|Utilisateur authentifie
2026-09-11T12:55:14|INFO |billing    |req=163f8a9c|Demarrage du service
2026-09-11T12:55:49|INFO |api-gateway|req=834c8cf6|Job af6b741c termine
2026-09-11T12:56:41|INFO |auth-svc   |req=a56d0f5f|Healthcheck OK
2026-09-11T12:57:23|WARN |auth-svc   |req=25dcc6d1|Quota a 85% pour le tenant ee9107c5
2026-09-11T12:58:17|INFO |notifier   |req=6421c3c1|Healthcheck OK
2026-09-11T12:58:32|INFO |notifier   |req=e25d3acc|Demarrage du service
2026-09-11T12:59:26|INFO |notifier   |req=6d8b1d17|Healthcheck OK
2026-09-11T13:00:11|DEBUG|worker-01  |req=03039fb2|Payload recu (2772 octets)
2026-09-11T13:00:16|INFO |worker-01  |req=93477c75|Utilisateur authentifie
2026-09-11T13:00:52|INFO |worker-01  |req=093f4f14|Job 6c7fdcb5 termine
2026-09-10T23:58:31|ERROR|api-gateway|req=c0ffee11|Rejeu detecte, requete ignoree
2026-09-11T13:01:10|WARN |notifier   |req=8bc2d589|Certificat expire dans 4386 jours
2026-09-11T13:01:54|WARN |api-gateway|req=3f436d62|Quota a 85% pour le tenant 47af4dbd
2026-09-11T13:02:49|INFO |notifier   |req=4687efc9|Requete traitee en 2905ms
2026-09-11T13:03:37|DEBUG|billing    |req=afc33ce0|Payload recu (3547 octets)
2026-09-11T13:04:20|WARN |notifier   |req=740b6fb7|Latence elevee: 3407ms
2026-09-11T13:04:51|INFO |notifier   |req=1e0b4bdd|Requete traitee en 4548ms
2026-09-11T13:05:25|DEBUG|notifier   |req=f998b46c|Payload recu (2847 octets)
2026-09-11T13:05:42|INFO |api-gateway|req=f6239f94|Demarrage du service
2026-09-11T13:06:09|INFO |notifier   |req=f7e5d749|Demarrage du service
2026-09-11T13:07:03|WARN |billing    |req=c4eb58d3|Retry 1779/3 sur appel sortant
2026-09-11T13:07:30|ERROR|worker-01  |req=5228a79b|Connexion refusee par la base
2026-09-11T13:07:40|DEBUG|auth-svc   |req=2bd04bd6|Payload recu (3245 octets)
2026-09-11T13:07:57|INFO |api-gateway|req=ab19da8d|Utilisateur authentifie
2026-09-11T13:08:50|INFO |api-gateway|req=87515e6d|Job 58a0156d termine
2026-09-11T13:09:04|DEBUG|catalog    |req=ee271b68|Payload recu (3418 octets)
2026-09-11T13:09:16|INFO |api-gateway|req=2e9399e2|Demarrage du service
2026-09-11T13:09:27|INFO |billing    |req=b7493f0c|Healthcheck OK
2026-09-11T13:09:54|WARN |auth-svc   |req=40009f44|Quota a 85% pour le tenant e2172bfe
2026-09-11T13:10:30|INFO |billing    |req=58be9c6e|Demarrage du service
2026-09-11T13:10:49|WARN |billing    |req=af2cd261|Retry 982/3 sur appel sortant
2026-09-11T13:11:40|DEBUG|billing    |req=7aa79d61|Cache hit pour la cle e07a3176
2026-09-11T13:11:52|DEBUG|api-gateway|req=ec3a5c3a|Cache hit pour la cle 10aa13b8
2026-09-11T13:12:16|INFO |notifier   |req=f1a590f2|Requete traitee en 2049ms
2026-09-11T13:13:05|INFO |notifier   |req=d9c585fa|Job 2b6ea73b termine
2026-09-11T13:13:22|INFO |auth-svc   |req=f30531ce|Demarrage du service
2026-09-11T13:13:34|INFO |api-gateway|req=58cc197a|Healthcheck OK
2026-09-11T15:12:44|ERROR|worker-01  |req=3b7d9a02|
2026-09-11T13:13:39|INFO |auth-svc   |req=30b37fb5|Utilisateur authentifie
2026-09-11T15:12:44|ERROR|worker-01  |req=3b7d9a02|
2026-09-11T13:13:47|INFO |auth-svc   |req=805dc06f|Utilisateur authentifie
2026-09-11T13:14:38|INFO |notifier   |req=fcac6362|Healthcheck OK
2026-09-11T13:15:14|WARN |billing    |req=f5181570|Quota a 85% pour le tenant ad2268e8
2026-09-11T13:15:24|WARN |worker-01  |req=c4e7f83d|Latence elevee: 3747ms
2026-09-11T13:15:43|INFO |catalog    |req=6953cc57|Job 585ca4a0 termine
2026-09-11T13:16:19|INFO |auth-svc   |req=461425ae|Job 7ffd13e3 termine
2026-09-11T13:16:40|WARN |catalog    |req=7ee1309b|Certificat expire dans 67 jours
2026-09-11T13:16:49|INFO |notifier   |req=48643c9b|Demarrage du service
2026-09-11T13:17:19|INFO |auth-svc   |req=83df3af2|Healthcheck OK
2026-09-11T13:17:49|WARN |billing    |req=c477def8|Latence elevee: 594ms
2026-09-11T13:18:03|INFO |billing    |req=4757ff69|Utilisateur authentifie
2026-09-11T13:18:41|INFO |auth-svc   |req=944d5a21|Requete traitee en 3182ms
2026-09-11T13:18:54|DEBUG|auth-svc   |req=8164acd1|Payload recu (2011 octets)
2026-09-11T13:19:27|DEBUG|worker-01  |req=36402f35|Payload recu (1699 octets)
2026-09-11T13:20:22|WARN |worker-01  |req=772091a5|Certificat expire dans 1521 jours
2026-09-11T13:20:45|WARN |api-gateway|req=39468617|Quota a 85% pour le tenant d2fcae94
2026-09-11T13:21:31|INFO |catalog    |req=2fb58863|Utilisateur authentifie
2026-09-11T13:22:24|INFO |api-gateway|req=ade02444|Healthcheck OK
2026-09-11T13:22:41|ERROR|api-gateway|req=ea5cbb23|Echec d'ecriture sur le bus de messages
2026-09-11T13:23:23|INFO |notifier   |req=fdb89884|Healthcheck OK
2026-09-11T13:23:35|DEBUG|auth-svc   |req=854e1773|Cache hit pour la cle 63227683
2026-09-11T13:23:45|INFO |catalog    |req=9bc84523|Utilisateur authentifie
2026-09-11T13:24:26|WARN |catalog    |req=ba587c78|Quota a 85% pour le tenant 53b720cd
2026-09-11T15:39:08	ERROR	auth-svc	req=e11a4c7b	Cle de signature introuvable
2026-09-11T13:25:11|INFO |notifier   |req=2614223a|Demarrage du service
2026-09-11T13:25:34|INFO |api-gateway|req=2f3a0530|Requete traitee en 3986ms
2026-09-11T13:25:40|WARN |catalog    |req=adee63ec|Retry 4637/3 sur appel sortant
2026-09-11T13:26:18|INFO |notifier   |req=731598b9|Utilisateur authentifie
2026-09-11T13:27:11|INFO |billing    |req=c0d130d6|Utilisateur authentifie
2026-09-11T13:27:32|INFO |api-gateway|req=a6dbeff2|Requete traitee en 1228ms
2026-09-11T13:27:41|DEBUG|api-gateway|req=be1acff9|Payload recu (4739 octets)
2026-09-11T13:28:02|WARN |billing    |req=1b282691|Latence elevee: 1054ms
2026-09-11T13:28:42|WARN |billing    |req=13d459b9|Certificat expire dans 253 jours
2026-09-11T13:29:33|INFO |billing    |req=d511d753|Healthcheck OK
2026-09-11T13:30:28|INFO |catalog    |req=5a48830a|Requete traitee en 76ms
2026-09-11T13:31:23|INFO |worker-01  |req=af1ccd98|Demarrage du service
2026-09-11T13:31:57|DEBUG|billing    |req=82917af5|Cache hit pour la cle f9f0bfc3
2026-09-11T13:32:32|ERROR|notifier   |req=b1cf65e5|Connexion refusee par la base
2026-09-11T13:33:21|ERROR|catalog    |req=9799af8a|Connexion refusee par la base
2026-09-11T13:34:11|INFO |api-gateway|req=b5223e63|Demarrage du service
2026-09-11T13:34:41|ERROR|api-gateway|req=aa084ea7|Echec d'ecriture sur le bus de messages
2026-09-11T13:34:47|INFO |billing    |req=b109d0a6|Job b1c94885 termine
2026-09-11T13:35:42|WARN |api-gateway|req=a1b8f8c0|Retry 1907/3 sur appel sortant
2026-09-11T13:36:13|INFO |notifier   |req=27483121|Job 636bf58f termine
2026-09-11T13:36:56|DEBUG|api-gateway|req=6e0682a8|Pool de connexions: 506 actives
2026-09-11T13:37:04|INFO |api-gateway|req=83277524|Demarrage du service
2026-09-11T16:02:17|ERROR|billing    |req=8d45fa90|Montant négatif refusé sur la facture n°4471
2026-09-11T13:37:51|DEBUG|billing    |req=f28a45dc|Pool de connexions: 4152 actives
2026-09-11T13:38:14|INFO |notifier   |req=82986809|Utilisateur authentifie
2026-09-11T13:38:34|INFO |billing    |req=0f45442c|Requete traitee en 1870ms
2026-09-11T13:39:04|ERROR|notifier   |req=a895f643|Timeout apres 1901ms
2026-09-11T13:39:38|ERROR|api-gateway|req=a8d153e5|Impossible de serialiser la reponse
2026-09-11T13:39:55|WARN |api-gateway|req=e9c1e156|Retry 4141/3 sur appel sortant
2026-09-11T13:40:07|INFO |catalog    |req=c0ea6f94|Utilisateur authentifie
2026-09-11T13:40:48|INFO |worker-01  |req=2c7ce819|Job c3b083eb termine
2026-09-11T13:41:43|INFO |notifier   |req=6f25d714|Healthcheck OK
2026-09-11T13:42:17|INFO |catalog    |req=fb96dfa7|Job 87cac43e termine
2026-09-11T13:42:25|INFO |notifier   |req=316109a0|Healthcheck OK
2026-09-11T13:42:43|INFO |notifier   |req=65342fa1|Requete traitee en 2829ms
2026-09-11T13:43:19|INFO |api-gateway|req=444abe11|Requete traitee en 3541ms
2026-09-11T13:44:00|ERROR|worker-01  |req=729841f3|Impossible de serialiser la reponse
2026-09-11T13:44:08|WARN |api-gateway|req=25a6a819|Retry 4015/3 sur appel sortant
2026-09-11T13:44:46|ERROR|worker-01  |req=250aec79|Reponse 500 du service amont
2026-09-11T13:45:02|INFO |catalog    |req=330833ba|Demarrage du service
2026-09-11T13:45:56|ERROR|api-gateway|req=46e47991|Impossible de serialiser la reponse
2026-09-11T13:46:17|INFO |billing    |req=31e52c29|Job f9810083 termine
2026-09-11T13:46:37|DEBUG|auth-svc   |req=cd23c8ad|Cache hit pour la cle e881a883
2026-09-11T13:47:31|INFO |billing    |req=e651e45c|Demarrage du service
2026-09-11T13:47:54|INFO |api-gateway|req=5f46927c|Utilisateur authentifie
2026-09-11T13:48:49|INFO |billing    |req=1eda9b12|Healthcheck OK
2026-09-11T13:48:56|INFO |catalog    |req=1ca94962|Healthcheck OK
2026-09-11T13:49:25|DEBUG|auth-svc   |req=18de2de8|Pool de connexions: 224 actives
2026-09-11T13:49:46|DEBUG|auth-svc   |req=fa747305|Pool de connexions: 1042 actives
2026-09-11T13:50:14|INFO |auth-svc   |req=1f1878bd|Utilisateur authentifie
2026-09-11T13:50:40|WARN |catalog    |req=3657ad9d|Latence elevee: 1342ms
2026-09-11T13:51:08|DEBUG|catalog    |req=a3d45a3f|Pool de connexions: 3817 actives
2026-09-11T13:51:38|INFO |worker-01  |req=c56f5227|Requete traitee en 3403ms
2026-09-11T13:51:56|DEBUG|auth-svc   |req=29bc5f23|Payload recu (66 octets)
2026-09-11T13:52:20|DEBUG|notifier   |req=f4fdf42f|Pool de connexions: 1170 actives
2026-09-11T13:52:55|DEBUG|auth-svc   |req=5e0262fc|Payload recu (3212 octets)
2026-09-11T13:53:45|INFO |catalog    |req=42602c8b|Requete traitee en 4389ms
2026-09-11T13:53:57|INFO |notifier   |req=bdae3ee7|Utilisateur authentifie
2026-09-11T13:54:46|INFO |auth-svc   |req=cbdf5fb1|Healthcheck OK
2026-09-11T13:55:13|DEBUG|worker-01  |req=9f7b1e86|Pool de connexions: 3775 actives
2026-09-11T13:55:51|INFO |api-gateway|req=167b92bb|Utilisateur authentifie
2026-09-11T13:56:45|WARN |billing    |req=4bb9fdad|Quota a 85% pour le tenant 045719b2
2026-09-11T13:57:15|ERROR|auth-svc   |req=a69984c9|Timeout apres 3457ms
2026-09-11T13:57:34|WARN |billing    |req=fd6ce22b|Latence elevee: 3835ms
2026-09-11T13:58:19|DEBUG|notifier   |req=d30aea9e|Payload recu (4512 octets)
2026-09-11T13:58:30|DEBUG|worker-01  |req=7efdf011|Pool de connexions: 3754 actives
2026-09-11T13:58:51|INFO |notifier   |req=7b395b13|Demarrage du service
2026-09-11T13:59:34|INFO |auth-svc   |req=f3e3930e|Healthcheck OK
2026-09-11T14:00:11|ERROR|api-gateway|req=d9fea98c|Timeout apres 3604ms
2026-09-11T14:00:16|ERROR|catalog    |req=eea4b217|Echec d'ecriture sur le bus de messages
2026-09-11T14:00:25|ERROR|catalog    |req=675e2f9c|Reponse 500 du service amont
2026-09-11T14:00:56|WARN |notifier   |req=2cfc7600|Quota a 85% pour le tenant dabc4a2d
2026-09-11T14:01:12|ERROR|notifier   |req=d5ad922e|Echec d'ecriture sur le bus de messages
2026-09-11T14:01:27|ERROR|catalog    |req=8586dba8|Impossible de serialiser la reponse
2026-09-11T14:01:33|ERROR|catalog    |req=4e216b36|Impossible de serialiser la reponse
2026-09-11T14:01:44|WARN |notifier   |req=722b6e93|Retry 4025/3 sur appel sortant
2026-09-11T14:02:35|ERROR|catalog    |req=6877c674|Echec d'ecriture sur le bus de messages
2026-09-11T14:03:26|ERROR|notifier   |req=f5711b50|Reponse 500 du service amont
2026-09-11T14:04:21|ERROR|notifier   |req=05e3fdd3|Timeout apres 3455ms
2026-09-11T14:04:29|ERROR|billing    |req=0feb29e1|Timeout apres 232ms
2026-09-11T14:04:47|WARN |catalog    |req=6d50bc95|Latence elevee: 3412ms
2026-09-11T14:05:37|INFO |billing    |req=67236087|Requete traitee en 1445ms
2026-09-11T14:05:45|ERROR|auth-svc   |req=6f69ef11|Echec d'ecriture sur le bus de messages
2026-09-11T14:06:15|ERROR|catalog    |req=e314000f|Reponse 500 du service amont
2026-09-11T14:06:20|INFO |catalog    |req=a427a899|Job 6e88102f termine
2026-09-11T14:06:42|ERROR|catalog    |req=821951a7|Connexion refusee par la base
2026-09-11T14:07:26|INFO |worker-01  |req=939f0818|Job 50ee5669 termine
2026-09-11T14:07:59|ERROR|api-gateway|req=fe264fca|Reponse 500 du service amont
2026-09-11T14:08:10|WARN |api-gateway|req=878cfa0c|Retry 2170/3 sur appel sortant
2026-09-11T14:09:04|WARN |api-gateway|req=a9905b28|Certificat expire dans 3921 jours
2026-09-11T14:09:18|WARN |api-gateway|req=21ad4f42|Latence elevee: 4624ms
2026-09-11T14:10:08|DEBUG|auth-svc   |req=e4500ad6|Pool de connexions: 1224 actives
2026-09-11T14:10:45|ERROR|catalog    |req=0ea04e7b|Impossible de serialiser la reponse
2026-09-11T14:11:35|WARN |worker-01  |req=c430f96a|Certificat expire dans 3215 jours
2026-09-11T14:12:26|ERROR|billing    |req=7e83dc81|Echec d'ecriture sur le bus de messages
2026-09-11T14:13:13|INFO |catalog    |req=0ae36f16|Requete traitee en 3132ms
2026-09-11T14:14:06|ERROR|worker-01  |req=3b63396a|Timeout apres 3515ms
2026-09-11T14:14:14|WARN |auth-svc   |req=e86bf1c3|Certificat expire dans 3217 jours
2026-09-11T14:14:42|WARN |catalog    |req=82b36d07|Certificat expire dans 2274 jours
2026-09-11T14:15:15|ERROR|auth-svc   |req=2d76cff0|Timeout apres 895ms
2026-09-11T14:15:34|ERROR|auth-svc   |req=423f4347|Reponse 500 du service amont
2026-09-11T14:16:15|INFO |notifier   |req=f534c1a1|Demarrage du service
2026-09-11T14:16:40|DEBUG|api-gateway|req=3b457710|Cache hit pour la cle 9028a3d7
2026-09-11T14:17:13|ERROR|worker-01  |req=9cea4cca|Reponse 500 du service amont
2026-09-11T14:17:49|INFO |worker-01  |req=e09fc7b0|Requete traitee en 3824ms
2026-09-11T14:18:37|ERROR|api-gateway|req=08040596|Timeout apres 3574ms
2026-09-11T14:19:12|ERROR|notifier   |req=1dab1960|Echec d'ecriture sur le bus de messages
2026-09-11T14:19:21|ERROR|catalog    |req=cddeec99|Reponse 500 du service amont
2026-09-11T14:19:46|ERROR|notifier   |req=633d3762|Echec d'ecriture sur le bus de messages
2026-09-11T14:20:08|ERROR|notifier   |req=f03a7a55|Echec d'ecriture sur le bus de messages
2026-09-11T14:20:51|INFO |auth-svc   |req=7225dc4e|Demarrage du service
2026-09-11T14:21:34|ERROR|catalog    |req=fb41feb7|Echec d'ecriture sur le bus de messages
2026-09-11T14:22:09|WARN |notifier   |req=e4565ed5|Quota a 85% pour le tenant 4caa8976
2026-09-11T14:22:25|ERROR|billing    |req=2c15d7ae|Reponse 500 du service amont
2026-09-11T14:23:09|INFO |api-gateway|req=94218d0d|Job 02c6e599 termine
2026-09-11T14:23:34|INFO |billing    |req=0493fcbd|Demarrage du service
2026-09-11T14:24:20|ERROR|api-gateway|req=fd09fb05|Impossible de serialiser la reponse
2026-09-11T14:24:30|WARN |catalog    |req=1538a546|Retry 741/3 sur appel sortant
2026-09-11T14:24:46|ERROR|notifier   |req=22937f64|Connexion refusee par la base
2026-09-11T14:24:57|ERROR|worker-01  |req=bb050fe4|Connexion refusee par la base
2026-09-11T14:25:35|WARN |catalog    |req=8eacfda1|Retry 4790/3 sur appel sortant
2026-09-11T14:26:24|ERROR|notifier   |req=2dd6f109|Connexion refusee par la base
2026-09-11T14:26:38|ERROR|catalog    |req=5730779b|Reponse 500 du service amont
2026-09-11T14:27:31|ERROR|catalog    |req=59480248|Echec d'ecriture sur le bus de messages
2026-09-11T14:27:52|INFO |billing    |req=f5279fc0|Requete traitee en 3722ms
2026-09-11T14:28:01|ERROR|api-gateway|req=e1b4a822|Impossible de serialiser la reponse
2026-09-11T14:28:29|INFO |notifier   |req=7e6f060d|Job f9afbaeb termine
2026-09-11T14:29:15|WARN |auth-svc   |req=a462c6d9|Quota a 85% pour le tenant 8d07bcf5
2026-09-11T14:29:27|ERROR|billing    |req=b88091bb|Connexion refusee par la base
2026-09-11T14:30:04|ERROR|auth-svc   |req=dc0dace4|Impossible de serialiser la reponse
2026-09-11T14:30:40|ERROR|api-gateway|req=71540fb8|Connexion refusee par la base
2026-09-11T14:31:09|INFO |notifier   |req=8d02dca9|Demarrage du service
2026-09-11T14:32:00|ERROR|catalog    |req=7ebec7eb|Connexion refusee par la base
2026-09-11T14:32:43|WARN |catalog    |req=d7f77ab1|Retry 2658/3 sur appel sortant
2026-09-11T14:33:21|WARN |notifier   |req=42804759|Retry 1010/3 sur appel sortant
2026-09-11T14:33:40|INFO |notifier   |req=f0f67d04|Utilisateur authentifie
2026-09-11T14:33:56|WARN |worker-01  |req=d0a59123|Certificat expire dans 1102 jours
2026-09-11T14:34:24|WARN |worker-01  |req=16cb07db|Retry 732/3 sur appel sortant
2026-09-11T14:34:44|ERROR|auth-svc   |req=64b7025e|Timeout apres 130ms
2026-09-11T14:35:34|DEBUG|billing    |req=190affe9|Pool de connexions: 1859 actives
2026-09-11T14:35:58|INFO |worker-01  |req=840fe4df|Requete traitee en 2557ms
2026-09-11T14:36:15|INFO |notifier   |req=07b4e1bf|Healthcheck OK
2026-09-11T14:37:06|ERROR|catalog    |req=c8409603|Timeout apres 488ms
2026-09-11T14:37:17|WARN |notifier   |req=bc92e7d8|Retry 3284/3 sur appel sortant
2026-09-11T14:37:43|INFO |billing    |req=46c0ac83|Demarrage du service
2026-09-11T14:38:09|ERROR|billing    |req=36a85d1c|Reponse 500 du service amont
2026-09-11T14:38:16|WARN |api-gateway|req=e8283797|Certificat expire dans 1303 jours
2026-09-11T14:39:02|ERROR|notifier   |req=5425a7da|Connexion refusee par la base
2026-09-11T14:39:16|WARN |billing    |req=83c4d3d3|Certificat expire dans 2104 jours
2026-09-11T14:39:45|ERROR|notifier   |req=5e303b82|Timeout apres 2095ms
2026-09-11T14:40:37|ERROR|worker-01  |req=a889ec61|Reponse 500 du service amont
2026-09-11T14:41:08|ERROR|auth-svc   |req=8b02d5e8|Reponse 500 du service amont
2026-09-11T14:41:53|ERROR|billing    |req=57d42282|Echec d'ecriture sur le bus de messages
2026-09-11T14:42:25|ERROR|worker-01  |req=e4cba706|Impossible de serialiser la reponse
2026-09-11T14:42:34|ERROR|auth-svc   |req=d66ff8f6|Connexion refusee par la base
2026-09-11T14:42:46|DEBUG|catalog    |req=c806d7a0|Payload recu (2283 octets)
2026-09-11T14:43:39|DEBUG|notifier   |req=a138e319|Pool de connexions: 41 actives
2026-09-11T14:43:51|INFO |auth-svc   |req=f24ab645|Requete traitee en 1269ms
2026-09-11T14:44:09|ERROR|catalog    |req=8f524eaa|Connexion refusee par la base
2026-09-11T14:45:01|WARN |notifier   |req=e7ad7c19|Quota a 85% pour le tenant 6d687d59
2026-09-11T14:45:42|WARN |worker-01  |req=0581498e|Quota a 85% pour le tenant 553a7e5a
2026-09-11T14:46:22|INFO |worker-01  |req=be17d466|Utilisateur authentifie
2026-09-11T14:46:40|WARN |notifier   |req=8e96d3d8|Quota a 85% pour le tenant cfef70f1
2026-09-11T14:47:16|WARN |auth-svc   |req=81e93025|Retry 1266/3 sur appel sortant
2026-09-11T14:47:21|INFO |auth-svc   |req=11e83bba|Job 0c900a52 termine
2026-09-11T14:47:43|INFO |notifier   |req=a183bbc7|Job 62c1a726 termine
2026-09-11T14:48:28|ERROR|auth-svc   |req=09f06507|Impossible de serialiser la reponse
2026-09-11T14:48:46|WARN |auth-svc   |req=f8773dfd|Latence elevee: 2516ms
2026-09-11T14:48:53|ERROR|catalog    |req=a55f79dc|Echec d'ecriture sur le bus de messages
2026-09-11T14:49:09|ERROR|catalog    |req=7fa717b6|Echec d'ecriture sur le bus de messages
2026-09-11T14:49:52|ERROR|billing    |req=78982879|Connexion refusee par la base
2026-09-11T14:50:23|WARN |api-gateway|req=2c0d9dfd|Retry 2809/3 sur appel sortant
2026-09-11T14:50:34|ERROR|worker-01  |req=dff72a64|Impossible de serialiser la reponse
2026-09-11T14:50:52|ERROR|catalog    |req=04df1969|Connexion refusee par la base
2026-09-11T14:51:24|ERROR|worker-01  |req=9653fddd|Reponse 500 du service amont
2026-09-11T14:52:19|ERROR|catalog    |req=af3a15fd|Echec d'ecriture sur le bus de messages
2026-09-11T14:52:35|WARN |auth-svc   |req=ce03521a|Latence elevee: 2753ms
2026-09-11T14:52:55|ERROR|billing    |req=f16fe434|Reponse 500 du service amont
2026-09-11T14:53:30|ERROR|worker-01  |req=bc3648f5|Echec d'ecriture sur le bus de messages
2026-09-11T14:53:59|WARN |catalog    |req=8a0f8f33|Latence elevee: 47ms
2026-09-11T14:54:17|ERROR|auth-svc   |req=6a72f5dd|Reponse 500 du service amont
2026-09-11T14:54:47|WARN |worker-01  |req=a9caf97f|Latence elevee: 3851ms
2026-09-11T14:55:41|INFO |api-gateway|req=92713419|Demarrage du service
2026-09-11T14:56:16|DEBUG|notifier   |req=257109f3|Cache hit pour la cle c4ba3ddd
2026-09-11T14:57:00|INFO |notifier   |req=12571c05|Requete traitee en 4289ms
2026-09-11T14:57:47|WARN |catalog    |req=da38d86b|Quota a 85% pour le tenant 5712f094
2026-09-11T14:57:54|ERROR|api-gateway|req=3098ccab|Echec d'ecriture sur le bus de messages
2026-09-11T14:58:15|DEBUG|auth-svc   |req=d2db3600|Pool de connexions: 4249 actives
2026-09-11T14:58:59|WARN |catalog    |req=188d3e86|Latence elevee: 3738ms
2026-09-11T14:59:46|INFO |notifier   |req=0d19fc92|Demarrage du service
2026-09-11T14:59:52|ERROR|api-gateway|req=faa101b3|Echec d'ecriture sur le bus de messages
2026-09-11T15:00:42|INFO |auth-svc   |req=4f9d5f62|Requete traitee en 282ms
2026-09-11T15:01:08|INFO |catalog    |req=23702360|Requete traitee en 651ms
2026-09-11T15:01:25|WARN |catalog    |req=c15d7219|Quota a 85% pour le tenant b48e63ad
2026-09-11T15:02:14|DEBUG|auth-svc   |req=d4c85b6e|Pool de connexions: 2244 actives
2026-09-11T15:03:02|INFO |auth-svc   |req=ac4f2151|Job a1df323b termine
2026-09-11T15:03:17|INFO |notifier   |req=e03aa736|Requete traitee en 1434ms
2026-09-11T15:03:39|ERROR|catalog    |req=97f01a1b|Echec d'ecriture sur le bus de messages
2026-09-11T15:03:59|INFO |worker-01  |req=88a71bdf|Requete traitee en 4797ms
2026-09-11T15:04:52|WARN |auth-svc   |req=f448f8c4|Retry 3602/3 sur appel sortant
2026-09-11T15:05:10|INFO |notifier   |req=217376c8|Healthcheck OK
2026-09-11T15:05:20|INFO |billing    |req=0e4972c7|Demarrage du service
2026-09-11T15:06:07|ERROR|catalog    |req=858fb264|Connexion refusee par la base
2026-09-11T15:06:37|WARN |catalog    |req=d7560728|Retry 1199/3 sur appel sortant
2026-09-11T15:07:24|ERROR|catalog    |req=1f3f0aa8|Impossible de serialiser la reponse
2026-09-11T15:08:04|DEBUG|api-gateway|req=58332143|Payload recu (812 octets)
2026-09-11T15:08:13|DEBUG|auth-svc   |req=10f92cb8|Payload recu (225 octets)
2026-09-11T15:08:51|WARN |api-gateway|req=e6b5a780|Quota a 85% pour le tenant f9921c14
2026-09-11T15:09:26|INFO |api-gateway|req=e3d3c222|Requete traitee en 1675ms
2026-09-11T15:09:53|INFO |api-gateway|req=2f1d8ccb|Healthcheck OK
2026-09-11T15:10:28|INFO |catalog    |req=6972128d|Utilisateur authentifie
2026-09-11T15:11:14|WARN |worker-01  |req=49ef66ab|Retry 162/3 sur appel sortant
2026-09-11T15:11:41|FATAL|notifier   |req=a98a3245|Perte du quorum, arret du noeud
2026-09-11T15:12:22|INFO |billing    |req=37d0120d|Demarrage du service
2026-09-11T15:12:34|WARN |auth-svc   |req=f15f5f3c|Certificat expire dans 2301 jours
2026-09-11T15:12:57|DEBUG|catalog    |req=3ebfac58|Payload recu (2503 octets)
2026-09-11T15:13:17|INFO |api-gateway|req=0e08ea7e|Requete traitee en 2153ms
2026-09-11T15:13:54|INFO |api-gateway|req=22dbd350|Demarrage du service
2026-09-11T15:14:30|WARN |notifier   |req=be58d43c|Latence elevee: 2052ms
2026-09-11T15:14:49|INFO |api-gateway|req=7c67d902|Utilisateur authentifie
2026-09-11T15:15:21|WARN |auth-svc   |req=01e81966|Latence elevee: 205ms
2026-09-11T15:16:14|WARN |worker-01  |req=4398fe42|Retry 1630/3 sur appel sortant
2026-09-11T15:17:04|DEBUG|api-gateway|req=8f5735d4|Cache hit pour la cle 91aeab5a
2026-09-11T15:17:41|INFO |billing    |req=5262ab9a|Utilisateur authentifie
2026-09-11T15:18:17|INFO |auth-svc   |req=2e3eea96|Utilisateur authentifie
2026-09-11T15:18:27|DEBUG|billing    |req=fb3bbafb|Payload recu (1724 octets)
2026-09-11T15:19:06|DEBUG|worker-01  |req=5783f253|Pool de connexions: 2636 actives
2026-09-11T15:19:56|DEBUG|billing    |req=f5f22374|Cache hit pour la cle 293cd9d6
2026-09-11T15:20:05|INFO |catalog    |req=d94d058e|Healthcheck OK
2026-09-11T15:20:22|INFO |worker-01  |req=af5adb96|Utilisateur authentifie
2026-09-11T15:21:00|ERROR|catalog    |req=f6d0cc3f|Connexion refusee par la base
2026-09-11T15:21:18|WARN |auth-svc   |req=1489cd3e|Retry 1907/3 sur appel sortant
2026-09-11T15:22:10|WARN |api-gateway|req=87d11aa8|Latence elevee: 2315ms
2026-09-11T15:22:39|INFO |auth-svc   |req=5d70e413|Utilisateur authentifie
2026-09-11T15:23:01|WARN |worker-01  |req=9a8186cf|Latence elevee: 2758ms
2026-09-11T15:23:51|WARN |billing    |req=1e920b33|Retry 4201/3 sur appel sortant
2026-09-11T15:24:05|ERROR|notifier   |req=1e2d0f47|Reponse 500 du service amont
2026-09-11T15:24:55|INFO |billing    |req=54549862|Requete traitee en 1439ms
2026-09-11T15:25:13|INFO |api-gateway|req=1115a77a|Demarrage du service
2026-09-11T15:25:32|INFO |notifier   |req=c939b978|Job dbcbfd51 termine
2026-09-11T15:26:06|INFO |auth-svc   |req=7a5255b4|Requete traitee en 384ms
2026-09-11T15:26:17|DEBUG|api-gateway|req=0ee2f9e6|Cache hit pour la cle 8e72d4dc
2026-09-11T15:26:22|INFO |notifier   |req=0937a251|Demarrage du service
2026-09-11T15:26:27|INFO |catalog    |req=ee8dc758|Utilisateur authentifie
2026-09-11T15:26:43|INFO |billing    |req=2aa900f6|Healthcheck OK
2026-09-11T15:27:27|INFO |auth-svc   |req=2bfb92a5|Utilisateur authentifie
2026-09-11T15:27:57|INFO |catalog    |req=dd1360da|Healthcheck OK
2026-09-11T15:28:48|INFO |billing    |req=0501022e|Demarrage du service
2026-09-11T15:29:04|DEBUG|worker-01  |req=88e6c5a5|Cache hit pour la cle dcc4e9f5
2026-09-11T15:29:13|DEBUG|api-gateway|req=8e4c7e75|Pool de connexions: 906 actives
2026-09-11T15:29:37|DEBUG|api-gateway|req=cd0d5278|Cache hit pour la cle 920bd27b
2026-09-11T15:30:27|DEBUG|catalog    |req=1eb497d2|Pool de connexions: 1901 actives
2026-09-11T15:31:03|INFO |billing    |req=b1b5f5af|Requete traitee en 919ms
2026-09-11T15:31:14|INFO |api-gateway|req=e7f1aebc|Job f38acfa5 termine
2026-09-11T15:31:21|INFO |worker-01  |req=73340f70|Job 92121a91 termine
2026-09-11T15:31:52|INFO |catalog    |req=7c62e951|Healthcheck OK
2026-09-11T15:32:28|INFO |api-gateway|req=01fb6743|Job 3971fa88 termine
2026-09-11T15:33:13|WARN |auth-svc   |req=c89dc095|Retry 1308/3 sur appel sortant
2026-09-11T15:33:40|INFO |billing    |req=edccb465|Demarrage du service
2026-09-11T15:33:57|INFO |worker-01  |req=d87f322c|Healthcheck OK
2026-09-11T15:34:40|WARN |auth-svc   |req=06b10b1d|Certificat expire dans 2565 jours
2026-09-11T15:34:51|INFO |notifier   |req=52070486|Healthcheck OK
2026-09-11T15:35:16|INFO |worker-01  |req=d446ccb2|Requete traitee en 1457ms
2026-09-11T15:35:58|DEBUG|catalog    |req=0312607e|Cache hit pour la cle 344ab881
2026-09-11T15:36:06|WARN |notifier   |req=f7cb6905|Quota a 85% pour le tenant ab268111
2026-09-11T15:36:46|WARN |catalog    |req=ca7df926|Certificat expire dans 152 jours
2026-09-11T15:37:33|ERROR|catalog    |req=2ede7fc6|Impossible de serialiser la reponse
2026-09-11T15:37:52|INFO |billing    |req=5f50b0dc|Requete traitee en 1367ms
2026-09-11T15:38:18|INFO |notifier   |req=ee01f0b4|Requete traitee en 2865ms
2026-09-11T15:38:25|WARN |notifier   |req=768ecdf4|Certificat expire dans 2395 jours
2026-09-11T15:38:58|DEBUG|auth-svc   |req=5bb92032|Payload recu (2404 octets)
2026-09-11T15:39:25|INFO |auth-svc   |req=f8e62019|Demarrage du service
2026-09-11T15:39:46|INFO |notifier   |req=b327a291|Utilisateur authentifie
2026-09-11T15:40:01|INFO |notifier   |req=d6eb23b1|Healthcheck OK
2026-09-11T15:40:51|DEBUG|billing    |req=73c5be7e|Cache hit pour la cle 255340e6
2026-09-11T15:41:29|ERROR|catalog    |req=62f452e8|Echec d'ecriture sur le bus de messages
2026-09-11T15:42:13|INFO |catalog    |req=dfe12b88|Job f15346e2 termine
2026-09-11T15:42:44|INFO |worker-01  |req=40585e18|Job f4ca4576 termine
2026-09-11T15:43:11|DEBUG|api-gateway|req=e9583227|Pool de connexions: 2221 actives
2026-09-11T15:43:23|INFO |catalog    |req=80df0b88|Healthcheck OK
2026-09-11T15:44:00|ERROR|api-gateway|req=60a72878|Connexion refusee par la base
2026-09-11T15:44:42|ERROR|catalog    |req=c6c2a2f7|Impossible de serialiser la reponse
2026-09-11T15:45:21|DEBUG|auth-svc   |req=7be6e4ff|Cache hit pour la cle d8c7fbf7
2026-09-11T15:45:36|FATAL|worker-01  |req=6dcea6dc|Perte du quorum, arret du noeud
2026-09-11T15:46:03|DEBUG|billing    |req=7874df96|Pool de connexions: 1573 actives
2026-09-11T15:46:30|DEBUG|auth-svc   |req=63c6594e|Payload recu (4663 octets)
2026-09-11T15:46:42|ERROR|worker-01  |req=dece6908|Impossible de serialiser la reponse
2026-09-11T15:46:55|INFO |notifier   |req=c153b017|Utilisateur authentifie
2026-09-11T15:47:14|DEBUG|billing    |req=a962446b|Cache hit pour la cle 5826ed98
2026-09-11T15:48:08|DEBUG|auth-svc   |req=30af9430|Payload recu (1286 octets)
2026-09-11T15:48:14|INFO |notifier   |req=750cd85f|Requete traitee en 2035ms
2026-09-11T15:48:19|DEBUG|worker-01  |req=1f52d819|Cache hit pour la cle f4146701
2026-09-11T15:48:56|INFO |notifier   |req=cf4e6a4a|Healthcheck OK
2026-09-11T15:49:07|DEBUG|billing    |req=2b3914c2|Cache hit pour la cle 4862aa60
2026-09-11T15:49:17|INFO |auth-svc   |req=98f7b69c|Job bac04f4d termine
2026-09-11T15:50:06|ERROR|catalog    |req=ddeed103|Reponse 500 du service amont
2026-09-11T15:50:51|WARN |auth-svc   |req=378addbf|Quota a 85% pour le tenant b419580d
2026-09-11T15:51:38|INFO |worker-01  |req=b4f49386|Demarrage du service
2026-09-11T15:51:59|DEBUG|notifier   |req=d7478fba|Pool de connexions: 85 actives
2026-09-11T15:52:36|INFO |notifier   |req=50d7dce4|Utilisateur authentifie
2026-09-11T15:53:26|ERROR|billing    |req=c3d20fdb|Echec d'ecriture sur le bus de messages
2026-09-11T15:54:01|WARN |notifier   |req=2f3da9a5|Quota a 85% pour le tenant 32cca63f
2026-09-11T15:54:39|INFO |catalog    |req=594023b6|Demarrage du service
2026-09-11T15:55:30|DEBUG|auth-svc   |req=d7176b1c|Pool de connexions: 258 actives
2026-09-11T15:56:23|WARN |auth-svc   |req=336c57ba|Latence elevee: 2117ms
2026-09-11T15:56:54|INFO |api-gateway|req=68cdcd01|Requete traitee en 3560ms
2026-09-11T15:57:12|INFO |catalog    |req=82f74226|Healthcheck OK
2026-09-11T15:57:45|INFO |notifier   |req=fdb8decc|Demarrage du service
2026-09-11T15:57:51|DEBUG|worker-01  |req=d2ea479a|Payload recu (3439 octets)
2026-09-11T15:58:04|INFO |auth-svc   |req=f24084de|Demarrage du service
2026-09-11T15:58:19|INFO |worker-01  |req=ea37313d|Requete traitee en 2785ms
2026-09-11T15:58:54|INFO |api-gateway|req=665a3bc4|Demarrage du service
2026-09-11T15:59:22|WARN |api-gateway|req=e5380f89|Certificat expire dans 326 jours
2026-09-11T15:59:55|WARN |worker-01  |req=eeffb499|Latence elevee: 4421ms
2026-09-11T16:00:05|WARN |auth-svc   |req=b8192ba5|Certificat expire dans 3787 jours
2026-09-11T16:00:54|FATAL|worker-01  |req=ae50ca64|Perte du quorum, arret du noeud
2026-09-11T16:01:48|INFO |catalog    |req=4a4b28bd|Healthcheck OK
2026-09-11T16:02:33|DEBUG|api-gateway|req=e5579e5a|Cache hit pour la cle 861b2911
2026-09-11T16:03:16|DEBUG|auth-svc   |req=8bba6e37|Pool de connexions: 4114 actives
2026-09-11T16:04:05|INFO |billing    |req=cfd5e0da|Job 090a7c4e termine
2026-09-11T16:04:50|INFO |worker-01  |req=39d48e4d|Job 003416f4 termine
2026-09-11T16:05:45|ERROR|notifier   |req=e83ad775|Echec d'ecriture sur le bus de messages
2026-09-11T16:06:22|WARN |api-gateway|req=06444b3c|Retry 2825/3 sur appel sortant
2026-09-11T16:06:32|INFO |worker-01  |req=fccbb5f7|Demarrage du service
2026-09-11T16:06:42|INFO |api-gateway|req=cd4b7197|Utilisateur authentifie
2026-09-11T16:07:26|DEBUG|catalog    |req=6516060a|Cache hit pour la cle ef3f535b
2026-09-11T16:08:03|WARN |api-gateway|req=07b9db90|Quota a 85% pour le tenant a4698709
2026-09-11T16:08:27|DEBUG|api-gateway|req=b722776c|Cache hit pour la cle 71c3441d
2026-09-11T16:08:42|WARN |api-gateway|req=df84916b|Certificat expire dans 4762 jours
2026-09-11T16:09:31|WARN |catalog    |req=5ab86666|Latence elevee: 999ms
2026-09-11T16:10:20|WARN |notifier   |req=c9403796|Certificat expire dans 1520 jours
2026-09-11T16:10:48|INFO |worker-01  |req=afdb72fb|Utilisateur authentifie
2026-09-11T16:11:16|INFO |worker-01  |req=5353b992|Healthcheck OK
2026-09-11T16:11:32|INFO |worker-01  |req=b7cbdad5|Utilisateur authentifie
2026-09-11T16:11:56|WARN |api-gateway|req=df59fbfc|Quota a 85% pour le tenant d123bc87
2026-09-11T16:12:36|INFO |api-gateway|req=90058e11|Demarrage du service
2026-09-11T16:13:13|INFO |catalog    |req=4cea6bb0|Utilisateur authentifie
2026-09-11T16:13:36|INFO |catalog    |req=eb7933ca|Requete traitee en 1584ms
2026-09-11T16:13:49|INFO |notifier   |req=d7c944f0|Demarrage du service
2026-09-11T16:13:56|INFO |catalog    |req=f0bba9f4|Job a0d7e94f termine
2026-09-11T16:14:43|WARN |worker-01  |req=d40a03f9|Certificat expire dans 807 jours
2026-09-11T16:14:56|DEBUG|api-gateway|req=defe8f7a|Payload recu (1388 octets)
2026-09-11T16:15:04|ERROR|billing    |req=acc6e687|Timeout apres 4379ms
2026-09-11T16:15:28|INFO |catalog    |req=051267e3|Utilisateur authentifie
2026-09-11T16:16:02|INFO |auth-svc   |req=7c9840e4|Requete traitee en 1882ms
2026-09-11T16:16:40|INFO |worker-01  |req=14f77187|Requete traitee en 3791ms
2026-09-11T16:17:33|DEBUG|notifier   |req=ef25b718|Payload recu (3776 octets)
2026-09-11T16:17:43|DEBUG|worker-01  |req=6d33e685|Cache hit pour la cle 44f338e0
2026-09-11T16:18:04|INFO |notifier   |req=6ab0964f|Demarrage du service
2026-09-11T16:18:26|INFO |auth-svc   |req=2a17117a|Healthcheck OK
2026-09-11T16:19:03|WARN |worker-01  |req=89be068f|Quota a 85% pour le tenant 4c7f7e8f
2026-09-11T16:19:23|FATAL|notifier   |req=dbaac5bd|Perte du quorum, arret du noeud
2026-09-11T16:20:02|DEBUG|auth-svc   |req=b9c79324|Payload recu (1829 octets)
2026-09-11T16:20:16|WARN |api-gateway|req=08a480e4|Quota a 85% pour le tenant e2e123b3
2026-09-11T16:20:48|INFO |auth-svc   |req=3198692d|Utilisateur authentifie
2026-09-11T16:20:58|INFO |api-gateway|req=74714c81|Job a4da091c termine
2026-09-11T16:21:13|INFO |worker-01  |req=97abf03d|Demarrage du service
2026-09-11T16:21:36|INFO |notifier   |req=14e44874|Job 4ec445b7 termine
2026-09-11T16:22:21|INFO |notifier   |req=05b7c296|Healthcheck OK
2026-09-11T16:23:03|DEBUG|worker-01  |req=878eacdc|Pool de connexions: 3690 actives
2026-09-11T16:23:32|INFO |auth-svc   |req=93c8d8b2|Utilisateur authentifie
2026-09-11T16:23:48|WARN |notifier   |req=c50e9e73|Certificat expire dans 3318 jours
2026-09-11T16:24:39|INFO |catalog    |req=a09030c3|Utilisateur authentifie
2026-09-11T16:25:00|INFO |billing    |req=1ac5e778|Requete traitee en 4475ms
2026-09-11T16:25:32|INFO |billing    |req=cbba25d1|Job 20a846aa termine
2026-09-11T16:26:20|INFO |notifier   |req=ea7c96b0|Demarrage du service
2026-09-11T16:27:02|DEBUG|catalog    |req=d653435a|Payload recu (3100 octets)
2026-09-11T16:27:42|INFO |catalog    |req=5e87766a|Utilisateur authentifie
2026-09-11T16:28:26|INFO |auth-svc   |req=e6d77127|Job cf3b3d1d termine
2026-09-11T16:28:31|INFO |notifier   |req=00d19d9d|Requete traitee en 3637ms
2026-09-11T16:28:43|INFO |auth-svc   |req=8eb258e8|Utilisateur authentifie
2026-09-11T16:29:25|INFO |worker-01  |req=2dc27cee|Demarrage du service
2026-09-11T16:30:19|INFO |api-gateway|req=dd817c37|Utilisateur authentifie
2026-09-11T16:31:10|WARN |catalog    |req=df05fc61|Certificat expire dans 1948 jours
2026-09-11T16:31:41|WARN |notifier   |req=4ad62840|Quota a 85% pour le tenant b1beb227
2026-09-11T16:32:21|INFO |notifier   |req=3f8fd09c|Healthcheck OK
2026-09-11T16:32:45|INFO |auth-svc   |req=bc0e8912|Requete traitee en 619ms
2026-09-11T16:33:11|WARN |auth-svc   |req=a76a9633|Retry 1598/3 sur appel sortant
2026-09-11T16:33:49|INFO |auth-svc   |req=de2747ee|Demarrage du service
2026-09-11T16:34:24|DEBUG|catalog    |req=96d80a60|Payload recu (4289 octets)
2026-09-11T16:35:00|INFO |notifier   |req=9703a947|Job 6e2f7f74 termine
2026-09-11T16:35:28|INFO |api-gateway|req=1929c857|Job 44fd4e14 termine
2026-09-11T16:36:02|WARN |notifier   |req=ec5bb28d|Quota a 85% pour le tenant a261f51c
2026-09-11T16:36:15|DEBUG|notifier   |req=8a4cd99a|Payload recu (294 octets)
2026-09-11T16:37:00|DEBUG|worker-01  |req=b43644c5|Cache hit pour la cle b669ff07
2026-09-11T16:37:17|WARN |api-gateway|req=a286b1db|Retry 1104/3 sur appel sortant
2026-09-11T16:37:31|INFO |billing    |req=baa8ab62|Requete traitee en 4612ms
2026-09-11T16:37:42|DEBUG|auth-svc   |req=e35f1c83|Payload recu (1534 octets)
2026-09-11T16:38:23|INFO |api-gateway|req=fe7ba3fe|Job a51dc82b termine
2026-09-11T16:38:46|ERROR|notifier   |req=62b69226|Connexion refusee par la base
2026-09-11T16:39:07|INFO |worker-01  |req=ff8302cc|Job 930409da termine
2026-09-11T16:39:34|WARN |notifier   |req=db340458|Retry 3835/3 sur appel sortant
2026-09-11T16:40:07|INFO |api-gateway|req=64a0aab7|Job 418ac663 termine
2026-09-11T16:40:13|INFO |auth-svc   |req=4862f7a8|Demarrage du service
2026-09-11T16:40:57|INFO |worker-01  |req=a07a778b|Healthcheck OK
2026-09-11T16:41:22|ERROR|billing    |req=960d6774|Impossible de serialiser la reponse
2026-09-11T16:42:17|DEBUG|notifier   |req=2c66d011|Payload recu (3226 octets)
2026-09-11T16:42:33|INFO |catalog    |req=87ac9615|Healthcheck OK
2026-09-11T16:42:50|INFO |worker-01  |req=7ef37be4|Job 8dcac5c7 termine
2026-09-11T16:43:35|DEBUG|auth-svc   |req=15126d1c|Payload recu (462 octets)
2026-09-11T16:44:03|INFO |billing    |req=7f98d88c|Requete traitee en 1654ms
2026-09-11T16:44:12|DEBUG|catalog    |req=208c28b3|Cache hit pour la cle de922526
2026-09-11T16:45:01|ERROR|api-gateway|req=3bf62c88|Reponse 500 du service amont
2026-09-11T16:45:36|INFO |notifier   |req=cca96230|Requete traitee en 446ms
2026-09-11T16:46:16|WARN |catalog    |req=22ee59be|Certificat expire dans 4148 jours
2026-09-11T16:46:49|WARN |api-gateway|req=c35f5b1a|Certificat expire dans 2864 jours
2026-09-11T16:47:38|WARN |notifier   |req=b78883d9|Retry 3949/3 sur appel sortant
2026-09-11T16:48:16|DEBUG|auth-svc   |req=888f7304|Payload recu (4671 octets)
2026-09-11T16:48:52|ERROR|billing    |req=08ddac5f|Timeout apres 4354ms
2026-09-11T16:49:05|INFO |billing    |req=0afb9334|Healthcheck OK
2026-09-11T16:49:19|FATAL|catalog    |req=58b2f0eb|Perte du quorum, arret du noeud
2026-09-11T16:50:10|ERROR|notifier   |req=82053ca2|Impossible de serialiser la reponse
2026-09-11T16:50:34|INFO |worker-01  |req=297d96d2|Utilisateur authentifie
2026-09-11T16:50:54|INFO |api-gateway|req=6fb5bd16|Utilisateur authentifie
2026-09-11T16:51:43|INFO |billing    |req=d036183d|Demarrage du service
2026-09-11T16:52:25|INFO |auth-svc   |req=f18ab78f|Job 2a48febd termine
2026-09-11T16:52:56|WARN |catalog    |req=dca53133|Certificat expire dans 4157 jours
2026-09-11T16:53:14|DEBUG|auth-svc   |req=bc9661c2|Cache hit pour la cle a4bea06b
2026-09-11T16:53:55|ERROR|notifier   |req=170ec9b0|Timeout apres 3612ms
2026-09-11T16:54:16|INFO |api-gateway|req=9e225181|Job 57d5bebd termine
2026-09-11T16:54:32|INFO |billing    |req=f4a574e7|Utilisateur authentifie
2026-09-11T16:55:10|WARN |billing    |req=2ead3840|Certificat expire dans 2299 jours
2026-09-11T16:55:36|INFO |billing    |req=5cbb7cb6|Utilisateur authentifie
2026-09-11T16:56:17|INFO |notifier   |req=bc4507ae|Healthcheck OK
2026-09-11T16:57:01|INFO |notifier   |req=dab0b1e1|Requete traitee en 3175ms
2026-09-11T16:57:25|INFO |catalog    |req=022f6857|Requete traitee en 3944ms
2026-09-11T16:57:48|DEBUG|catalog    |req=e3109d4e|Pool de connexions: 729 actives
2026-09-11T16:58:42|INFO |catalog    |req=2bcbe11d|Healthcheck OK
2026-09-11T16:59:12|INFO |auth-svc   |req=7e3f9abd|Demarrage du service
2026-09-11T16:59:19|INFO |notifier   |req=c63bae54|Healthcheck OK
2026-09-11T16:59:51|INFO |notifier   |req=e9f200b6|Demarrage du service
2026-09-11T17:00:32|INFO |catalog    |req=e9fc233f|Requete traitee en 1655ms
2026-09-11T17:01:22|WARN |api-gateway|req=bc69d9b3|Certificat expire dans 1626 jours
2026-09-11T17:02:08|WARN |catalog    |req=349c1897|Retry 3423/3 sur appel sortant
2026-09-11T17:02:51|WARN |worker-01  |req=a33c0ded|Retry 859/3 sur appel sortant
2026-09-11T17:03:18|INFO |worker-01  |req=4243a452|Job 939112f0 termine
2026-09-11T17:03:30|INFO |notifier   |req=5fb94632|Job 70c98b3e termine
2026-09-11T17:03:48|INFO |billing    |req=d4d0f365|Demarrage du service
2026-09-11T17:04:28|WARN |billing    |req=23fe8fba|Retry 3026/3 sur appel sortant
2026-09-11T17:04:42|INFO |worker-01  |req=72836ed1|Requete traitee en 2028ms
2026-09-11T17:05:24|INFO |api-gateway|req=41b3cdbf|Utilisateur authentifie
2026-09-11T17:05:35|INFO |auth-svc   |req=3803d824|Utilisateur authentifie
2026-09-11T17:05:50|DEBUG|auth-svc   |req=11889998|Payload recu (1716 octets)
2026-09-11T17:06:18|DEBUG|billing    |req=ca350b77|Payload recu (4222 octets)
2026-09-11T17:06:35|DEBUG|catalog    |req=0b8fb763|Pool de connexions: 1355 actives
2026-09-11T17:07:24|INFO |api-gateway|req=7a852e56|Demarrage du service
2026-09-11T17:07:54|WARN |notifier   |req=ebc77bba|Certificat expire dans 1232 jours
2026-09-11T17:08:15|WARN |billing    |req=c4d991a6|Retry 1585/3 sur appel sortant
2026-09-11T17:08:58|WARN |billing    |req=9afe1c05|Quota a 85% pour le tenant e05336a4
2026-09-11T17:09:08|INFO |worker-01  |req=6e1495b6|Utilisateur authentifie
2026-09-11T17:09:29|INFO |worker-01  |req=95e74ff8|Demarrage du service
2026-09-11T17:10:24|INFO |auth-svc   |req=ccf3a13e|Requete traitee en 2958ms
2026-09-11T17:10:52|INFO |auth-svc   |req=5ab274ef|Requete traitee en 4392ms
2026-09-11T17:11:37|INFO |catalog    |req=042c3b43|Requete traitee en 2996ms
2026-09-11T17:12:10|DEBUG|billing    |req=d00d54bd|Cache hit pour la cle 75198909
2026-09-11T17:12:32|INFO |auth-svc   |req=e88e2388|Job 5a751a6f termine
2026-09-11T17:13:22|INFO |billing    |req=f2ef7619|Utilisateur authentifie
2026-09-11T17:13:49|WARN |billing    |req=e51059ec|Certificat expire dans 394 jours
2026-09-11T17:13:59|DEBUG|api-gateway|req=a947902b|Cache hit pour la cle 7ff16f46
2026-09-11T17:14:47|WARN |catalog    |req=f85fcebd|Retry 1313/3 sur appel sortant
2026-09-11T17:15:05|WARN |api-gateway|req=ff9b456f|Retry 3661/3 sur appel sortant
2026-09-11T17:15:13|DEBUG|api-gateway|req=78d6643f|Payload recu (2575 octets)
2026-09-11T17:15:45|DEBUG|api-gateway|req=3401631f|Pool de connexions: 3793 actives
2026-09-11T17:15:58|DEBUG|worker-01  |req=1a9dbaa8|Cache hit pour la cle 0546870b
2026-09-11T17:16:35|INFO |billing    |req=7427f08b|Demarrage du service
2026-09-11T17:17:20|INFO |billing    |req=55242df2|Demarrage du service
2026-09-11T17:17:36|INFO |catalog    |req=5eda64a5|Healthcheck OK
2026-09-11T17:18:04|INFO |catalog    |req=74f7c4a7|Job 26eaa4b2 termine
2026-09-11T17:18:43|INFO |notifier   |req=9b7e53e2|Job 218792f8 termine
2026-09-11T17:18:51|INFO |auth-svc   |req=ca489adb|Healthcheck OK
2026-09-11T17:19:00|WARN |api-gateway|req=d8f7808d|Retry 1976/3 sur appel sortant
2026-09-11T17:19:41|DEBUG|api-gateway|req=767d3bbc|Pool de connexions: 3723 actives
2026-09-11T17:20:29|INFO |worker-01  |req=abf762a5|Requete traitee en 2291ms
2026-09-11T17:20:37|INFO |api-gateway|req=313f8d0e|Demarrage du service
2026-09-11T17:21:12|DEBUG|billing    |req=6c7a0dd0|Cache hit pour la cle 05aad0df
2026-09-11T17:21:35|INFO |auth-svc   |req=f356fab2|Requete traitee en 4636ms
2026-09-11T17:22:05|WARN |notifier   |req=1e7b8919|Quota a 85% pour le tenant 2a5313eb
2026-09-11T17:22:36|INFO |worker-01  |req=c32f5f1a|Demarrage du service
2026-09-11T17:22:59|DEBUG|worker-01  |req=98407373|Cache hit pour la cle 43225785
2026-09-11T17:23:15|WARN |auth-svc   |req=133bdb45|Quota a 85% pour le tenant ce154198
2026-09-11T17:23:38|DEBUG|catalog    |req=533a0d7b|Cache hit pour la cle bdbd614a
2026-09-11T17:24:04|INFO |auth-svc   |req=1d383ace|Requete traitee en 1200ms
2026-09-11T17:24:31|DEBUG|billing    |req=4f76d341|Pool de connexions: 2294 actives
2026-09-11T17:24:55|INFO |catalog    |req=95d4300a|Healthcheck OK
2026-09-11T17:25:44|INFO |auth-svc   |req=a34170ee|Demarrage du service
2026-09-11T17:26:36|INFO |billing    |req=76a73eaf|Job b4113188 termine
2026-09-11T17:27:31|INFO |catalog    |req=e2df02dc|Healthcheck OK
2026-09-11T17:28:26|INFO |billing    |req=b22decf9|Utilisateur authentifie
2026-09-11T17:29:17|DEBUG|billing    |req=a23001f5|Pool de connexions: 1903 actives
2026-09-11T17:30:06|INFO |worker-01  |req=18fea367|Healthcheck OK
2026-09-11T17:30:31|INFO |worker-01  |req=c2a6fc11|Healthcheck OK
2026-09-11T17:31:11|DEBUG|notifier   |req=e2a41561|Pool de connexions: 935 actives
2026-09-11T17:31:38|WARN |auth-svc   |req=2e6602f3|Latence elevee: 3190ms
2026-09-11T17:32:33|INFO |notifier   |req=85cb92e9|Healthcheck OK
2026-09-11T17:33:08|WARN |api-gateway|req=696d13bd|Certificat expire dans 3856 jours
2026-09-11T17:33:20|WARN |notifier   |req=4bc71cfb|Certificat expire dans 2986 jours
2026-09-11T17:34:06|INFO |notifier   |req=99ec006c|Healthcheck OK
2026-09-11T17:35:00|DEBUG|catalog    |req=a2e906e9|Cache hit pour la cle e2256a2f
2026-09-11T17:35:52|DEBUG|worker-01  |req=be091bdc|Pool de connexions: 1715 actives
2026-09-11T17:36:44|INFO |billing    |req=82ea322c|Demarrage du service
2026-09-11T17:37:18|INFO |worker-01  |req=c0a95ae6|Job f3a2c40a termine
2026-09-11T17:37:45|DEBUG|worker-01  |req=6ad7be44|Cache hit pour la cle 1c1ad3d1
2026-09-11T17:38:36|INFO |api-gateway|req=7d5a0432|Job 388acddc termine
2026-09-11T17:39:21|INFO |catalog    |req=976dfe6c|Job c0e99a2f termine
2026-09-11T17:40:11|INFO |notifier   |req=1cd4488e|Utilisateur authentifie
2026-09-11T17:40:38|WARN |api-gateway|req=b6214bc6|Certificat expire dans 817 jours
2026-09-11T17:40:46|INFO |notifier   |req=4dd4bbb3|Requete traitee en 3061ms
2026-09-11T17:41:12|INFO |api-gateway|req=7c85e978|Demarrage du service
2026-09-11T17:41:19|INFO |billing    |req=971fd83f|Healthcheck OK
2026-09-11T17:41:50|ERROR|catalog    |req=63f32a06|Impossible de serialiser la reponse
2026-09-11T17:42:10|INFO |notifier   |req=bb9c3e9f|Job fd57ffc9 termine
2026-09-11T17:43:02|INFO |catalog    |req=4f40fb6d|Demarrage du service
2026-09-11T17:43:17|WARN |catalog    |req=3d18571e|Certificat expire dans 1184 jours
2026-09-11T17:43:33|INFO |auth-svc   |req=1ceecd6d|Utilisateur authentifie
2026-09-11T17:44:14|WARN |auth-svc   |req=bbb1842a|Latence elevee: 3296ms
2026-09-11T17:44:41|INFO |notifier   |req=4e83f3ed|Healthcheck OK
2026-09-11T17:45:09|INFO |worker-01  |req=60456b3f|Utilisateur authentifie
2026-09-11T17:45:57|WARN |notifier   |req=5bb29b37|Quota a 85% pour le tenant 3f6ac937
2026-09-11T17:46:12|DEBUG|worker-01  |req=e664f09a|Cache hit pour la cle 4f082c1a
2026-09-11T17:46:35|ERROR|api-gateway|req=93c9e886|Connexion refusee par la base
2026-09-11T17:47:28|DEBUG|catalog    |req=12d2dd1e|Cache hit pour la cle 57cfcf99
2026-09-11T17:48:18|INFO |worker-01  |req=ba5396c7|Requete traitee en 591ms
2026-09-11T17:48:52|INFO |api-gateway|req=5d4feea2|Job 9f619474 termine
2026-09-11T17:49:47|INFO |worker-01  |req=1aabcf02|Healthcheck OK
2026-09-11T17:49:55|INFO |auth-svc   |req=9c3d7b26|Requete traitee en 1621ms
2026-09-11T17:50:17|INFO |catalog    |req=a3a9358b|Utilisateur authentifie
2026-09-11T17:50:42|INFO |billing    |req=248230b1|Healthcheck OK
2026-09-11T17:51:36|INFO |api-gateway|req=e87a91cf|Utilisateur authentifie
2026-09-11T17:51:52|ERROR|notifier   |req=b4bb7aaa|Echec d'ecriture sur le bus de messages
2026-09-11T17:52:32|INFO |billing    |req=84c6e92d|Job 9dfb7983 termine
2026-09-11T17:53:17|INFO |api-gateway|req=7604c4ed|Utilisateur authentifie
2026-09-11T17:53:50|DEBUG|worker-01  |req=314fa754|Payload recu (4653 octets)
2026-09-11T17:54:01|INFO |catalog    |req=a87c6757|Requete traitee en 3729ms
2026-09-11T17:54:24|INFO |billing    |req=9b360fcc|Requete traitee en 4172ms
2026-09-11T17:54:45|INFO |worker-01  |req=fe7d3614|Job a3c7cf43 termine
2026-09-11T17:55:39|INFO |api-gateway|req=410541dc|Job 8f4dfc41 termine
2026-09-11T17:56:18|INFO |auth-svc   |req=43cf9fef|Requete traitee en 4628ms
2026-09-11T17:56:31|DEBUG|worker-01  |req=e2b78301|Pool de connexions: 361 actives
2026-09-11T17:57:24|INFO |notifier   |req=d0be10bc|Demarrage du service
2026-09-11T17:57:58|DEBUG|billing    |req=d9388af1|Pool de connexions: 4328 actives
2026-09-11T17:58:29|INFO |worker-01  |req=8d2c6ffe|Job 484dc727 termine
2026-09-11T17:59:10|DEBUG|api-gateway|req=17db6645|Pool de connexions: 5 actives
